
Memory Configuration

Name             Origin             Length             Attributes
*default*        0x00000000         0xffffffff

Linker script and memory map

Address of section .text set to 0x0
LOAD ..\..\..\lib\boot.o
LOAD ..\..\..\lib\no_os.o
LOAD ..\..\..\lib\integer.o
LOAD ..\..\..\lib\string2.o
LOAD ..\..\..\lib\print.o
LOAD endian.o

.text           0x00000000      0x628
                0x00000000                _ftext=.
 *(.text)
 .text          0x00000000      0x1f4 ..\..\..\lib\boot.o
                0x000001a8                longjmp
                0x00000000                entry
                0x00000170                setjmp
                0x00000134                OS_AsmInterruptInit
                0x000001e0                OS_AsmMult
                0x0000003c                interrupt_service_routine
                0x00000128                OS_AsmInterruptEnable
 .text          0x000001f4      0x118 ..\..\..\lib\no_os.o
                0x000001f4                putchar
                0x00000238                puts
                0x000002cc                kbhit
                0x000002e0                getch
                0x000002ac                OS_InterruptServiceRoutine
 .text          0x0000030c      0x144 ..\..\..\lib\integer.o
                0x0000030c                itoa2
 .text          0x00000450       0x40 ..\..\..\lib\string2.o
                0x00000450                strcpy2
 .text          0x00000490      0x154 ..\..\..\lib\print.o
                0x00000490                print
                0x00000514                print_hex
                0x00000590                print_num
                0x0000054c                print_string
 .text          0x000005e4       0x44 endian.o
                0x000005e4                main
 *(.stub)
 *(.gnu.warning)
 *(.gnu.linkonce.t*)
 *(.mips16.fn.*)
 *(.mips16.call.*)

.init
 *(.init)

.fini
 *(.fini)
                0x00000628                _ecode=.

.reginfo        0x00000628       0x18
 *(.reginfo)
 .reginfo       0x00000628       0x18 ..\..\..\lib\boot.o
 .reginfo       0x00000640       0x18 ..\..\..\lib\no_os.o
 .reginfo       0x00000640       0x18 ..\..\..\lib\integer.o
 .reginfo       0x00000640       0x18 ..\..\..\lib\string2.o
 .reginfo       0x00000640       0x18 ..\..\..\lib\print.o
 .reginfo       0x00000640       0x18 endian.o

.ctors
 *(.ctors)

.dtors
 *(.dtors)

.eh_frame
 *(.eh_frame)

.gcc_except_table
 *(.gcc_except_table)

.sdeinit
 *(.sdeinit)

.sdefini
 *(.sdefini)

.rodata         0x00000640       0x26
 *(.rodata)
 .rodata        0x00000640       0x26 endian.o
 *(.rdata)
 *(.gnu.linkonce.r*)

.rodata1
 *(.rodata1)
                0x00000666                _etext=.
                0x00000666                PROVIDE (etext, .)

.data           0x00000666        0x0
                0x00000666                _fdata=.
 *(.data)
 *(.gnu.linkonce.d*)

.data1
 *(.data1)
                0x00008656                _gp=(.+0x7ff0)

.lit8
 *(.lit8)

.lit4
 *(.lit4)

.sdata
 *(.sdata)
 *(.gnu.linkonce.s*)
                0x00000666                _edata=.
                0x00000666                PROVIDE (edata, .)
                0x00000668                .=ALIGN(0x8)
                0x00000666                __bss_start=.
                0x00000668                _fbss=__bss_start

.sbss
 *(.sbss)
 *(.scommon)

.bss            0x00000668        0x0
 *(.dynbss)
 *(.bss)
 *(COMMON)
                0x00000668                _end=.
                0x00000668                PROVIDE (end, .)

.stab
 *(.stab)

.stabstr
 *(.stabstr)

.comment
 *(.comment)

.debug
 *(.debug)

.line
 *(.line)

.debug_srcinfo
 *(.debug_srcinfo)

.debug_sfnames
 *(.debug_sfnames)

.debug_aranges
 *(.debug_aranges)

.debug_pubnames
 *(.debug_pubnames)

.debug_info
 *(.debug_info)

.debug_abbrev
 *(.debug_abbrev)

.debug_line
 *(.debug_line)

.debug_frame
 *(.debug_frame)

.debug_str
 *(.debug_str)

.debug_loc
 *(.debug_loc)

.debug_macinfo
 *(.debug_macinfo)

.debug_weaknames
 *(.debug_weaknames)

.debug_funcnames
 *(.debug_funcnames)

.debug_typenames
 *(.debug_typenames)

.debug_varnames
 *(.debug_varnames)

.mdebug
 *(.mdebug)

.rel.text
 *(.rel.text)
 *(.rel.gnu.linkonce.t*)

.rela.text
 *(.rela.text)
 *(.rela.gnu.linkonce.t*)

.rel.data
 *(.rel.data)
 *(.rel.gnu.linkonce.d*)

.rela.data
 *(.rela.data)
 *(.rela.gnu.linkonce.d*)

.rel.sdata
 *(.rel.sdata)
 *(.rel.gnu.linkonce.s*)

.rela.sdata
 *(.rela.sdata)
 *(.rela.gnu.linkonce.s*)

.rel.rodata
 *(.rel.rodata)
 *(.rel.gnu.linkonce.r*)

.rela.rodata
 *(.rela.rodata)
 *(.rela.gnu.linkonce.r*)

.gptab.sdata
 *(.gptab.data)
 *(.gptab.sdata)

.gptab.sbss
 *(.gptab.bss)
 *(.gptab.sbss)
OUTPUT(test.exe elf32-bigmips)
