
Memory Configuration

Name             Origin             Length             Attributes
*default*        0x00000000         0xffffffff

Linker script and memory map

Address of section .text set to 0x0
LOAD ..\..\..\lib\boot.o
LOAD ..\..\..\lib\no_os.o
LOAD ..\..\..\lib\integer.o
LOAD ..\..\..\lib\string2.o
LOAD ..\..\..\lib\print.o
LOAD count.o

.text           0x00000000      0xbb0
                0x00000000                _ftext=.
 *(.text)
 .text          0x00000000      0x1f4 ..\..\..\lib\boot.o
                0x000001a8                longjmp
                0x00000000                entry
                0x00000170                setjmp
                0x00000134                OS_AsmInterruptInit
                0x000001e0                OS_AsmMult
                0x0000003c                interrupt_service_routine
                0x00000128                OS_AsmInterruptEnable
 .text          0x000001f4       0xe0 ..\..\..\lib\no_os.o
                0x000001f4                putchar
                0x00000200                puts
                0x00000294                kbhit
                0x000002a8                getch
                0x00000274                OS_InterruptServiceRoutine
 .text          0x000002d4      0x1f0 ..\..\..\lib\integer.o
                0x000002d4                itoa2
                0x00000418                xtoa
                0x00000464                itoa10
 .text          0x000004c4       0x40 ..\..\..\lib\string2.o
                0x000004c4                strcpy2
 .text          0x00000504      0x1c8 ..\..\..\lib\print.o
                0x00000504                print
                0x00000594                print_hex
                0x0000064c                print_num
                0x000005f0                print_string
 .text          0x000006cc      0x4e4 count.o
                0x00000b80                main
                0x000006cc                number_text
 *(.stub)
 *(.gnu.warning)
 *(.gnu.linkonce.t*)
 *(.mips16.fn.*)
 *(.mips16.call.*)

.init
 *(.init)

.fini
 *(.fini)
                0x00000bb0                _ecode=.

.reginfo        0x00000bb0       0x18
 *(.reginfo)
 .reginfo       0x00000bb0       0x18 ..\..\..\lib\boot.o
 .reginfo       0x00000bc8       0x18 ..\..\..\lib\no_os.o
 .reginfo       0x00000bc8       0x18 ..\..\..\lib\integer.o
 .reginfo       0x00000bc8       0x18 ..\..\..\lib\string2.o
 .reginfo       0x00000bc8       0x18 ..\..\..\lib\print.o
 .reginfo       0x00000bc8       0x18 count.o

.ctors
 *(.ctors)

.dtors
 *(.dtors)

.eh_frame
 *(.eh_frame)

.gcc_except_table
 *(.gcc_except_table)

.sdeinit
 *(.sdeinit)

.sdefini
 *(.sdefini)

.rodata         0x00000bc8      0x13d
 *(.rodata)
 .rodata        0x00000bc8      0x13d count.o
 *(.rdata)
 *(.gnu.linkonce.r*)

.rodata1
 *(.rodata1)
                0x00000d05                _etext=.
                0x00000d05                PROVIDE (etext, .)

.data           0x00000d05       0x7b
                0x00000d05                _fdata=.
 *(.data)
 *fill*         0x00000d05        0x3
 .data          0x00000d08       0x78 count.o
                0x00000d08                name
 *(.gnu.linkonce.d*)

.data1
 *(.data1)
                0x00008d70                _gp=(.+0x7ff0)

.lit8
 *(.lit8)

.lit4
 *(.lit4)

.sdata
 *(.sdata)
 *(.gnu.linkonce.s*)
                0x00000d80                _edata=.
                0x00000d80                PROVIDE (edata, .)
                0x00000d80                .=ALIGN(0x8)
                0x00000d80                __bss_start=.
                0x00000d80                _fbss=__bss_start

.sbss
 *(.sbss)
 *(.scommon)

.bss            0x00000d80       0x1c
 *(.dynbss)
 *(.bss)
 .bss           0x00000d80       0x1c ..\..\..\lib\integer.o
 *(COMMON)
                0x00000d9c                _end=.
                0x00000d9c                PROVIDE (end, .)

.stab
 *(.stab)

.stabstr
 *(.stabstr)

.comment
 *(.comment)

.debug
 *(.debug)

.line
 *(.line)

.debug_srcinfo
 *(.debug_srcinfo)

.debug_sfnames
 *(.debug_sfnames)

.debug_aranges
 *(.debug_aranges)

.debug_pubnames
 *(.debug_pubnames)

.debug_info
 *(.debug_info)

.debug_abbrev
 *(.debug_abbrev)

.debug_line
 *(.debug_line)

.debug_frame
 *(.debug_frame)

.debug_str
 *(.debug_str)

.debug_loc
 *(.debug_loc)

.debug_macinfo
 *(.debug_macinfo)

.debug_weaknames
 *(.debug_weaknames)

.debug_funcnames
 *(.debug_funcnames)

.debug_typenames
 *(.debug_typenames)

.debug_varnames
 *(.debug_varnames)

.mdebug
 *(.mdebug)

.rel.text
 *(.rel.text)
 *(.rel.gnu.linkonce.t*)

.rela.text
 *(.rela.text)
 *(.rela.gnu.linkonce.t*)

.rel.data
 *(.rel.data)
 *(.rel.gnu.linkonce.d*)

.rela.data
 *(.rela.data)
 *(.rela.gnu.linkonce.d*)

.rel.sdata
 *(.rel.sdata)
 *(.rel.gnu.linkonce.s*)

.rela.sdata
 *(.rela.sdata)
 *(.rela.gnu.linkonce.s*)

.rel.rodata
 *(.rel.rodata)
 *(.rel.gnu.linkonce.r*)

.rela.rodata
 *(.rela.rodata)
 *(.rela.gnu.linkonce.r*)

.gptab.sdata
 *(.gptab.data)
 *(.gptab.sdata)

.gptab.sbss
 *(.gptab.bss)
 *(.gptab.sbss)
OUTPUT(test.exe elf32-bigmips)
