
Allocating common symbols
Common symbol       size              file

ddata               0xff              rs_tak.o
Alpha_to            0x400             rs_tak.o
tdata               0xff              rs_tak.o
Index_of            0x400             rs_tak.o
data                0xff              rs_tak.o
Gg                  0x84              rs_tak.o
eras_pos            0x3fc             rs_tak.o

Memory Configuration

Name             Origin             Length             Attributes
*default*        0x00000000         0xffffffff

Linker script and memory map

Address of section .text set to 0x0
LOAD boot.o
LOAD rs_tak.o

.text           0x00000000     0x1564
                0x00000000                _ftext=.
 *(.text)
 .text          0x00000000       0x8c boot.o
                0x00000060                putchar
                0x00000000                entry
                0x0000006c                puts
                0x00000058                isr_enable
 .text          0x0000008c     0x14d8 rs_tak.o
                0x000000e4                print
                0x00000140                random
                0x000000d4                read_uart
                0x00000120                print_char
                0x00001170                main2
                0x00000130                print_uchar
                0x00000204                memcpy
                0x000005e0                encode_rs
                0x000002d0                generate_gf
                0x0000041c                gen_poly
                0x000002a8                init_rs
                0x00000234                memcmp
                0x00001064                fill_eras
                0x0000008c                print_uart
                0x00000180                print_num
                0x00001144                randomnz
                0x00000754                eras_dec_rs
                0x000000c4                putc_uart
 *(.stub)
 *(.gnu.warning)
 *(.gnu.linkonce.t*)
 *(.mips16.fn.*)
 *(.mips16.call.*)

.init
 *(.init)

.fini
 *(.fini)
                0x00001564                _ecode=.

.reginfo        0x00001564       0x18
 *(.reginfo)
 .reginfo       0x00001564       0x18 boot.o
 .reginfo       0x0000157c       0x18 rs_tak.o

.ctors
 *(.ctors)

.dtors
 *(.dtors)

.eh_frame
 *(.eh_frame)

.gcc_except_table
 *(.gcc_except_table)

.sdeinit
 *(.sdeinit)

.sdefini
 *(.sdefini)

.rodata         0x0000157c      0x1c0
 *(.rodata)
 .rodata        0x0000157c      0x1c0 rs_tak.o
 *(.rdata)
 *(.gnu.linkonce.r*)

.rodata1
 *(.rodata1)
                0x0000173c                _etext=.
                0x0000173c                PROVIDE (etext, .)

.data           0x0000173c       0x24
                0x0000173c                _fdata=.
 *(.data)
 .data          0x0000173c       0x24 rs_tak.o
                0x0000173c                Pp
 *(.gnu.linkonce.d*)

.data1
 *(.data1)
                0x00009750                _gp=(.+0x7ff0)

.lit8
 *(.lit8)

.lit4
 *(.lit4)

.sdata          0x00001760        0x4
 *(.sdata)
 .sdata         0x00001760        0x4 rs_tak.o
 *(.gnu.linkonce.s*)
                0x00001764                _edata=.
                0x00001764                PROVIDE (edata, .)
                0x00001768                .=ALIGN(0x8)
                0x00001764                __bss_start=.
                0x00001768                _fbss=__bss_start

.sbss
 *(.sbss)
 *(.scommon)

.bss            0x00001770      0xf8c
 *(.dynbss)
 *(.bss)
 *(COMMON)
 COMMON         0x00001770      0xf8c rs_tak.o
                0x00001770                ddata
                0x00001870                Alpha_to
                0x00001c70                tdata
                0x00001d70                Index_of
                0x00002170                data
                0x00002270                Gg
                0x00002300                eras_pos
                0x000026fc                _end=.
                0x000026fc                PROVIDE (end, .)

.stab
 *(.stab)

.stabstr
 *(.stabstr)

.comment
 *(.comment)

.debug
 *(.debug)

.line
 *(.line)

.debug_srcinfo
 *(.debug_srcinfo)

.debug_sfnames
 *(.debug_sfnames)

.debug_aranges
 *(.debug_aranges)

.debug_pubnames
 *(.debug_pubnames)

.debug_info
 *(.debug_info)

.debug_abbrev
 *(.debug_abbrev)

.debug_line
 *(.debug_line)

.debug_frame
 *(.debug_frame)

.debug_str
 *(.debug_str)

.debug_loc
 *(.debug_loc)

.debug_macinfo
 *(.debug_macinfo)

.debug_weaknames
 *(.debug_weaknames)

.debug_funcnames
 *(.debug_funcnames)

.debug_typenames
 *(.debug_typenames)

.debug_varnames
 *(.debug_varnames)

.mdebug
 *(.mdebug)

.rel.text
 *(.rel.text)
 *(.rel.gnu.linkonce.t*)

.rela.text
 *(.rela.text)
 *(.rela.gnu.linkonce.t*)

.rel.data
 *(.rel.data)
 *(.rel.gnu.linkonce.d*)

.rela.data
 *(.rela.data)
 *(.rela.gnu.linkonce.d*)

.rel.sdata
 *(.rel.sdata)
 *(.rel.gnu.linkonce.s*)

.rela.sdata
 *(.rela.sdata)
 *(.rela.gnu.linkonce.s*)

.rel.rodata
 *(.rel.rodata)
 *(.rel.gnu.linkonce.r*)

.rela.rodata
 *(.rela.rodata)
 *(.rela.gnu.linkonce.r*)

.gptab.sdata
 *(.gptab.data)
 *(.gptab.sdata)

.gptab.sbss
 *(.gptab.bss)
 *(.gptab.sbss)
OUTPUT(test.exe elf32-bigmips)
