
Memory Configuration

Name             Origin             Length             Attributes
*default*        0x00000000         0xffffffff

Linker script and memory map

Address of section .text set to 0x0
LOAD ..\..\..\lib\plasmaboot.o
LOAD test.o

.text           0x00000000      0x3d0
                0x00000000                _ftext=.
 *(.text)
 .text          0x00000000       0x8c ..\..\..\lib\plasmaboot.o
                0x00000060                putchar
                0x00000000                entry
                0x0000006c                puts
                0x00000058                isr_enable
 .text          0x0000008c      0x344 test.o
                0x0000008c                main2
 *(.stub)
 *(.gnu.warning)
 *(.gnu.linkonce.t*)
 *(.mips16.fn.*)
 *(.mips16.call.*)

.init
 *(.init)

.fini
 *(.fini)
                0x000003d0                _ecode=.

.reginfo        0x000003d0       0x18
 *(.reginfo)
 .reginfo       0x000003d0       0x18 ..\..\..\lib\plasmaboot.o
 .reginfo       0x000003e8       0x18 test.o

.ctors
 *(.ctors)

.dtors
 *(.dtors)

.eh_frame
 *(.eh_frame)

.gcc_except_table
 *(.gcc_except_table)

.sdeinit
 *(.sdeinit)

.sdefini
 *(.sdefini)

.rodata
 *(.rodata)
 *(.rdata)
 *(.gnu.linkonce.r*)

.rodata1
 *(.rodata1)
                0x00000400                _etext=.
                0x00000400                PROVIDE (etext, .)

.data           0x000003e8       0x10
                0x000003e8                _fdata=.
 *(.data)
 .data          0x000003e8       0x10 test.o
 *(.gnu.linkonce.d*)

.data1
 *(.data1)
                0x000083e8                _gp=(.+0x7ff0)

.lit8
 *(.lit8)

.lit4
 *(.lit4)

.sdata
 *(.sdata)
 *(.gnu.linkonce.s*)
                0x000003f8                _edata=.
                0x000003f8                PROVIDE (edata, .)
                0x000003f8                .=ALIGN(0x8)
                0x000003f8                __bss_start=.
                0x000003f8                _fbss=__bss_start

.sbss
 *(.sbss)
 *(.scommon)

.bss            0x000003f8        0x0
 *(.dynbss)
 *(.bss)
 *(COMMON)
                0x000003f8                _end=.
                0x000003f8                PROVIDE (end, .)

.stab
 *(.stab)

.stabstr
 *(.stabstr)

.comment
 *(.comment)

.debug
 *(.debug)

.line
 *(.line)

.debug_srcinfo
 *(.debug_srcinfo)

.debug_sfnames
 *(.debug_sfnames)

.debug_aranges
 *(.debug_aranges)

.debug_pubnames
 *(.debug_pubnames)

.debug_info
 *(.debug_info)

.debug_abbrev
 *(.debug_abbrev)

.debug_line
 *(.debug_line)

.debug_frame
 *(.debug_frame)

.debug_str
 *(.debug_str)

.debug_loc
 *(.debug_loc)

.debug_macinfo
 *(.debug_macinfo)

.debug_weaknames
 *(.debug_weaknames)

.debug_funcnames
 *(.debug_funcnames)

.debug_typenames
 *(.debug_typenames)

.debug_varnames
 *(.debug_varnames)

.mdebug
 *(.mdebug)

.rel.text
 *(.rel.text)
 *(.rel.gnu.linkonce.t*)

.rela.text
 *(.rela.text)
 *(.rela.gnu.linkonce.t*)

.rel.data
 *(.rel.data)
 *(.rel.gnu.linkonce.d*)

.rela.data
 *(.rela.data)
 *(.rela.gnu.linkonce.d*)

.rel.sdata
 *(.rel.sdata)
 *(.rel.gnu.linkonce.s*)

.rela.sdata
 *(.rela.sdata)
 *(.rela.gnu.linkonce.s*)

.rel.rodata
 *(.rel.rodata)
 *(.rel.gnu.linkonce.r*)

.rela.rodata
 *(.rela.rodata)
 *(.rela.gnu.linkonce.r*)

.gptab.sdata
 *(.gptab.data)
 *(.gptab.sdata)

.gptab.sbss
 *(.gptab.bss)
 *(.gptab.sbss)
OUTPUT(test.exe elf32-bigmips)
